Error opening log file: /blargh: Permission denied. Logging to file disabled (-D messages_log_file)
