[{"file":"$$normPath(::cwd::/,true)Main.hx","diagnostics":[{"kind":2,"severity":2,"depth":0,"range":{"start":{"line":13,"character":42},"end":{"line":13,"character":43}},"args":"foo"}]}]
