(unknown) : Uncaught exception Could not read file meta.jsno
  /opt/haxe/std/haxe/macro/Compiler.hx:472: characters 11-39 : Called from here
  (unknown) : Called from here
