[{"file":"$$normPath(::cwd::/,true)MainMacro.hx","diagnostics":[{"kind":4,"severity":1,"depth":0,"range":{"start":{"line":1,"character":7},"end":{"line":1,"character":16}},"args":"`final var` is not supported, use `final` instead"}]}]
