[{"file":"$$normPath(::cwd::/,true)MainExpr.hx","diagnostics":[{"kind":4,"severity":1,"depth":0,"range":{"start":{"line":1,"character":1},"end":{"line":1,"character":10}},"args":"`final var` is not supported, use `final` instead"}]}]
